<h1>Example heading <span class="badge bg-secondary">New</span></h1>