<button type="button" class="btn btn-primary position-relative">
  Profile
  <span class="p-2 rounded-circle position-absolute top-0 start-100 translate-middle bg-danger border border-light"><span class="visually-hidden">New alerts</span></span>
</button>