<div class="card mb-3"><img alt="--image-alt" class="card-img-top" src="--image-src"><div class="card-body"><h5 class="card-title">Card title</h5><p class="card-text">This is a wider card with supporting text below as a natural lead-in to additional content. This content is a little bit longer.</p><p class="card-text"><small class="text-body-secondary">Last updated 3 mins ago</small></p></div></div><div class="card"><div class="card-body"><h5 class="card-title">Card title</h5><p class="card-text">This is a wider card with supporting text below as a natural lead-in to additional content. This content is a little bit longer.</p><p class="card-text"><small class="text-body-secondary">Last updated 3 mins ago</small></p></div><img alt="--image-alt" class="card-img-bottom" src="--image-src"></div>