<button type="button" class="btn btn-primary">
  Notifications <span class="badge text-bg-secondary">4</span>
</button>