<button type="button" class="btn btn-primary position-relative">
  Inbox
  <span class="badge position-absolute top-0 start-100 translate-middle rounded-pill bg-danger">99+<span class="visually-hidden">unread messages</span></span>
</button>