<img alt="alt text" class="img-fluid" data-controller="value" src="some/file.ext" title="title text">
