<div aria-label="Basic example" aria-valuemax="100" aria-valuemin="0" aria-valuenow="0" class="progress" role="progressbar"><div class="progress-bar" style="width: 0%"></div></div>
<div aria-label="Basic example" aria-valuemax="100" aria-valuemin="0" aria-valuenow="25" class="progress" role="progressbar"><div class="progress-bar" style="width: 25%"></div></div>
<div aria-label="Basic example" aria-valuemax="100" aria-valuemin="0" aria-valuenow="50" class="progress" role="progressbar"><div class="progress-bar" style="width: 50%"></div></div>
<div aria-label="Basic example" aria-valuemax="100" aria-valuemin="0" aria-valuenow="75" class="progress" role="progressbar"><div class="progress-bar" style="width: 75%"></div></div>
<div aria-label="Basic example" aria-valuemax="100" aria-valuemin="0" aria-valuenow="100" class="progress" role="progressbar"><div class="progress-bar" style="width: 100%"></div></div>
