<div aria-label="Example with label" aria-valuemax="100" aria-valuemin="0" aria-valuenow="25" class="progress" role="progressbar"><div class="progress-bar" style="width: 25%">25%</div></div>