<div aria-label="Default striped example" aria-valuemax="100" aria-valuemin="0" aria-valuenow="10" class="progress" role="progressbar"><div class="progress-bar progress-bar-striped" style="width: 10%"></div></div>
<div aria-label="Success striped example" aria-valuemax="100" aria-valuemin="0" aria-valuenow="25" class="progress" role="progressbar"><div class="progress-bar progress-bar-striped text-bg-success" style="width: 25%"></div></div>