<div aria-label="Animated striped example" aria-valuemax="100" aria-valuemin="0" aria-valuenow="75" class="progress" role="progressbar"><div class="progress-bar progress-bar-striped progress-bar-animated" style="width: 75%"></div></div>