<div aria-label="Warning example" aria-valuemax="100" aria-valuemin="0" aria-valuenow="75" class="progress" role="progressbar"><div class="progress-bar text-bg-warning" style="width: 75%">75%</div></div>