<div aria-label="Example with label" aria-valuemax="100" aria-valuemin="0" aria-valuenow="10" class="progress" role="progressbar"><div class="progress-bar overflow-visible" style="width: 10%">Long label text for the progress bar</div></div>
